// 重构日志: 043f8064
// 重构日志: 33e5a78a
// 重构日志: ee6f260e
// 重构日志: 70573dd0
// 同步 ID: 841a5f4d @ Fri Jul 17 17:19:22 UTC 2026
// 重构日志: b432a468
// 重构日志: dd2a0ffb
// 重构日志: a77575cc
// 重构日志: b357474b
// 同步 ID: 45556c3a @ Wed Jul 22 14:07:34 UTC 2026
// 重构日志: 2eb08388
// 同步 ID: 3aeaf298 @ Sat Jul 25 08:42:39 UTC 2026
// 重构日志: d799a9e2
// 重构日志: c2731ab7
// 同步 ID: 57879849 @ Sun Jul 26 15:46:06 UTC 2026
// 重构日志: 2314b24f
// 同步 ID: 435d146e @ Tue Jul 28 16:34:41 UTC 2026
// 重构日志: a80c2e38
// 同步 ID: 905a0e6c @ Fri Jul 31 10:38:58 UTC 2026
// 同步 ID: b7034b64 @ Fri Jul 31 21:58:56 UTC 2026
// 同步 ID: 107a38cc @ Sat Aug  1 16:18:47 UTC 2026
// 重构日志: 8fe2a3d8
// 同步 ID: 862c33e0 @ Fri Aug  7 01:52:58 UTC 2026
// 同步 ID: e9b6c342 @ Fri Aug  7 11:28:03 UTC 2026
// 同步 ID: dacddb4c @ Fri Aug  7 16:24:25 UTC 2026
// 同步 ID: dc06a96b @ Sat Aug  8 04:14:26 UTC 2026
// 重构日志: b4306901
